START 2026-10-06T20:24:34.5639819+08:00
=== B16 (ViT-B/16) ===
split train=22968 val=5741 | identical_across_encoders=True
reusing existing fer2013_train_tokens_fp16.npy (28709, 196, 768)
token cache: {"path": "D:\\ResearchVault\\99system\\data\\rb-tta-fer-fg2027\\token_cache_vitb16\\fer2013_train_tokens_fp16.npy", "rows": 28709, "built_now": false, "verified": "12 random rows equal to their source shard rows"}
mean-pooled tokens in 31.1s: raw (28709, 768) normed (28709, 768) normtok (28709, 768)
  R1_global            lr0.001  seed0  uar 0.5217  prior 0.5303  (1.6s)
  R1_global            lr0.001  seed1  uar 0.5191  prior 0.5280  (1.0s)
  R1_global            lr0.001  seed2  uar 0.5220  prior 0.5317  (1.1s)
  R1_global            lr0.003  seed0  uar 0.5691  prior 0.5767  (0.9s)
  R1_global            lr0.003  seed1  uar 0.5610  prior 0.5717  (0.9s)
  R1_global            lr0.003  seed2  uar 0.5692  prior 0.5781  (1.0s)
  -> R1_global selected {"lr": 0.003, "seed": 2, "uar": 0.5691927530789601, "uar_prior": 0.5780867031436774}
  R2_mean_raw          lr0.001  seed0  uar 0.5839  prior 0.6066  (1.1s)
  R2_mean_raw          lr0.001  seed1  uar 0.5902  prior 0.6135  (1.1s)
  R2_mean_raw          lr0.001  seed2  uar 0.5884  prior 0.6112  (1.1s)
  R2_mean_raw          lr0.003  seed0  uar 0.5941  prior 0.6119  (1.1s)
  R2_mean_raw          lr0.003  seed1  uar 0.6200  prior 0.6286  (1.1s)
  R2_mean_raw          lr0.003  seed2  uar 0.5860  prior 0.6097  (1.1s)
  -> R2_mean_raw selected {"lr": 0.003, "seed": 1, "uar": 0.6199590956272506, "uar_prior": 0.6286313452345146}
  R2_mean_normed       lr0.001  seed0  uar 0.5050  prior 0.5141  (1.1s)
  R2_mean_normed       lr0.001  seed1  uar 0.5057  prior 0.5131  (1.1s)
  R2_mean_normed       lr0.001  seed2  uar 0.5079  prior 0.5147  (1.1s)
  R2_mean_normed       lr0.003  seed0  uar 0.5428  prior 0.5679  (1.1s)
  R2_mean_normed       lr0.003  seed1  uar 0.5434  prior 0.5610  (1.1s)
  R2_mean_normed       lr0.003  seed2  uar 0.5461  prior 0.5638  (1.1s)
  -> R2_mean_normed selected {"lr": 0.003, "seed": 2, "uar": 0.5460800615599167, "uar_prior": 0.5637573490080922}
  R2_mean_of_normed    lr0.001  seed0  uar 0.4922  prior 0.5029  (1.1s)
  R2_mean_of_normed    lr0.001  seed1  uar 0.4902  prior 0.5029  (1.1s)
  R2_mean_of_normed    lr0.001  seed2  uar 0.4902  prior 0.5066  (1.1s)
  R2_mean_of_normed    lr0.003  seed0  uar 0.5335  prior 0.5527  (1.1s)
  R2_mean_of_normed    lr0.003  seed1  uar 0.5328  prior 0.5462  (1.1s)
  R2_mean_of_normed    lr0.003  seed2  uar 0.5360  prior 0.5518  (1.1s)
  -> R2_mean_of_normed selected {"lr": 0.003, "seed": 2, "uar": 0.536042565373231, "uar_prior": 0.5517542218510261}
  R4a_concat_raw       lr0.001  seed0  uar 0.5943  prior 0.6073  (1.2s)
  R4a_concat_raw       lr0.001  seed1  uar 0.5971  prior 0.6147  (1.3s)
  R4a_concat_raw       lr0.001  seed2  uar 0.5982  prior 0.6163  (1.2s)
  R4a_concat_raw       lr0.003  seed0  uar 0.6001  prior 0.6182  (1.2s)
  R4a_concat_raw       lr0.003  seed1  uar 0.6283  prior 0.6382  (1.2s)
  R4a_concat_raw       lr0.003  seed2  uar 0.5947  prior 0.6152  (1.2s)
  -> R4a_concat_raw selected {"lr": 0.003, "seed": 1, "uar": 0.6283213556588443, "uar_prior": 0.6381686848136735}
  R4a_concat_normed    lr0.001  seed0  uar 0.5493  prior 0.5694  (1.2s)
  R4a_concat_normed    lr0.001  seed1  uar 0.5462  prior 0.5644  (1.2s)
  R4a_concat_normed    lr0.001  seed2  uar 0.5492  prior 0.5686  (1.2s)
  R4a_concat_normed    lr0.003  seed0  uar 0.5931  prior 0.6096  (1.2s)
  R4a_concat_normed    lr0.003  seed1  uar 0.5891  prior 0.6041  (1.2s)
  R4a_concat_normed    lr0.003  seed2  uar 0.5885  prior 0.6076  (1.2s)
  -> R4a_concat_normed selected {"lr": 0.003, "seed": 0, "uar": 0.5931478811248745, "uar_prior": 0.6095596586969804}
  R4a_concat_normtok   lr0.001  seed0  uar 0.5423  prior 0.5601  (1.2s)
  R4a_concat_normtok   lr0.001  seed1  uar 0.5419  prior 0.5590  (1.2s)
  R4a_concat_normtok   lr0.001  seed2  uar 0.5458  prior 0.5597  (1.2s)
  R4a_concat_normtok   lr0.003  seed0  uar 0.5888  prior 0.6086  (1.2s)
  R4a_concat_normtok   lr0.003  seed1  uar 0.5825  prior 0.5990  (1.2s)
  R4a_concat_normtok   lr0.003  seed2  uar 0.5874  prior 0.6089  (1.2s)
  -> R4a_concat_normtok selected {"lr": 0.003, "seed": 0, "uar": 0.5888229082997674, "uar_prior": 0.6086285414895956}
  R3_attn_pool         lr0.001  seed0  uar 0.6066  prior 0.6164  (29.9s)
  R3_attn_pool         lr0.003  seed0  uar 0.5989  prior 0.6214  (20.9s)
  R3_attn_pool         lr0.001  seed1  uar 0.6280  prior 0.6424  (17.5s)
  R3_attn_pool         lr0.001  seed2  uar 0.6254  prior 0.6397  (18.6s)
  -> R3_attn_pool selected {"lr": 0.001, "seed": 1, "uar": 0.6279759913472942, "uar_prior": 0.6423929612704331}
  R3refit_frozen_attn  lr0.001  seed0  uar 0.6075  prior 0.6136  (1.1s)
  R3refit_frozen_attn  lr0.001  seed1  uar 0.6120  prior 0.6182  (1.0s)
  R3refit_frozen_attn  lr0.001  seed2  uar 0.6041  prior 0.6156  (1.1s)
  R3refit_frozen_attn  lr0.003  seed0  uar 0.5952  prior 0.6006  (1.1s)
  R3refit_frozen_attn  lr0.003  seed1  uar 0.6289  prior 0.6321  (1.1s)
  R3refit_frozen_attn  lr0.003  seed2  uar 0.6170  prior 0.6254  (1.1s)
  R4b_attn_plus_global lr0.001  seed0  uar 0.6136  prior 0.6332  (19.6s)
  R4b_attn_plus_global lr0.003  seed0  uar 0.5945  prior 0.6062  (19.8s)
  R4b_attn_plus_global lr0.001  seed1  uar 0.5959  prior 0.6019  (21.3s)
  R4b_attn_plus_global lr0.001  seed2  uar 0.6217  prior 0.6392  (20.3s)
  -> R4b_attn_plus_global selected {"lr": 0.001, "seed": 2, "uar": 0.6217393997886063, "uar_prior": 0.6392108494092847}
=== B16 done in 267.3s ===
  R1_global              uar 0.5692 (prior 0.5781)  lr 0.003 seed 2
  R2_mean_raw            uar 0.6200 (prior 0.6286)  lr 0.003 seed 1
  R2_mean_normed         uar 0.5461 (prior 0.5638)  lr 0.003 seed 2
  R2_mean_of_normed      uar 0.5360 (prior 0.5518)  lr 0.003 seed 2
  R4a_concat_raw         uar 0.6283 (prior 0.6382)  lr 0.003 seed 1
  R4a_concat_normed      uar 0.5931 (prior 0.6096)  lr 0.003 seed 0
  R4a_concat_normtok     uar 0.5888 (prior 0.6086)  lr 0.003 seed 0
  R3_attn_pool           uar 0.6280 (prior 0.6424)  lr 0.001 seed 1
  R3refit_frozen_attn    uar 0.6289 (prior 0.6321)  lr 0.003 seed 1
  R4b_attn_plus_global   uar 0.6217 (prior 0.6392)  lr 0.001 seed 2
EXIT=0 2026-10-06T20:29:05.7863095+08:00
