  L14 1024/28709 4s
  L14 5120/28709 19s
  L14 9216/28709 35s
  L14 13312/28709 53s
  L14 17408/28709 70s
  L14 21504/28709 86s
  L14 25600/28709 101s
  L14 28709/28709 115s
{
  "encoder": "L14",
  "out": "D:\\ResearchVault\\99system\\data\\rb-tta-fer-fg2027\\token_cache_vitl14_aligned2v\\fer2013_train_tokens_fp16.npy",
  "shape": [
    28709,
    256,
    1024
  ],
  "npy_GB": 15.052,
  "formula": "fp16( float32(original) + float32(unflip(mirror)) ) / 2",
  "seconds": 117.3,
  "free_GB_on_D": 80.3,
  "npy_sha256": "6cca786fcb700da5048adfc3d87c01cec28b6c27bee6b356470e527403f80dbb"
}
