B16 tokens (28709, 196, 768) probe-train 22968 probe-val 5741
  determinism rebuild identical: True
  B16 seed 5 TAP lr 0.001 probe-val 0.6141 (72s)
  B16 seed 5 TAP lr 0.003 probe-val 0.5945 (19s)
  B16 seed 5 CA lr 0.001 probe-val 0.6062 (2s)
  B16 seed 5 CA lr 0.003 probe-val 0.6164 (2s)
  B16 seed 5 GH lr 0.001 probe-val 0.5895 (1s)
  B16 seed 5 GH lr 0.003 probe-val 0.6157 (1s)
  B16 seed 6 TAP lr 0.001 probe-val 0.6174 (22s)
  B16 seed 6 TAP lr 0.003 probe-val 0.6277 (22s)
  B16 seed 6 CA lr 0.001 probe-val 0.6347 (2s)
  B16 seed 6 CA lr 0.003 probe-val 0.6266 (2s)
  B16 seed 6 GH lr 0.001 probe-val 0.6245 (1s)
  B16 seed 6 GH lr 0.003 probe-val 0.6419 (1s)
  B16 seed 7 TAP lr 0.001 probe-val 0.6148 (20s)
  B16 seed 7 TAP lr 0.003 probe-val 0.6281 (18s)
  B16 seed 7 CA lr 0.001 probe-val 0.6394 (2s)
  B16 seed 7 CA lr 0.003 probe-val 0.6184 (2s)
  B16 seed 7 GH lr 0.001 probe-val 0.6130 (2s)
  B16 seed 7 GH lr 0.003 probe-val 0.5935 (1s)
  B16 seed 8 TAP lr 0.001 probe-val 0.6200 (18s)
  B16 seed 8 TAP lr 0.003 probe-val 0.6097 (18s)
  B16 seed 8 CA lr 0.001 probe-val 0.6319 (2s)
  B16 seed 8 CA lr 0.003 probe-val 0.6056 (2s)
  B16 seed 8 GH lr 0.001 probe-val 0.5904 (1s)
  B16 seed 8 GH lr 0.003 probe-val 0.5929 (1s)
  B16 seed 9 TAP lr 0.001 probe-val 0.6448 (20s)
  B16 seed 9 TAP lr 0.003 probe-val 0.6243 (19s)
  B16 seed 9 CA lr 0.001 probe-val 0.6333 (2s)
  B16 seed 9 CA lr 0.003 probe-val 0.6440 (2s)
  B16 seed 9 GH lr 0.001 probe-val 0.6298 (1s)
  B16 seed 9 GH lr 0.003 probe-val 0.6262 (1s)
  B16 seed 10 TAP lr 0.001 probe-val 0.5966 (20s)
  B16 seed 10 TAP lr 0.003 probe-val 0.6057 (19s)
  B16 seed 10 CA lr 0.001 probe-val 0.6039 (2s)
  B16 seed 10 CA lr 0.003 probe-val 0.6053 (2s)
  B16 seed 10 GH lr 0.001 probe-val 0.5930 (1s)
  B16 seed 10 GH lr 0.003 probe-val 0.5730 (1s)
  B16 seed 11 TAP lr 0.001 probe-val 0.6266 (21s)
  B16 seed 11 TAP lr 0.003 probe-val 0.6260 (21s)
  B16 seed 11 CA lr 0.001 probe-val 0.6422 (2s)
  B16 seed 11 CA lr 0.003 probe-val 0.6458 (2s)
  B16 seed 11 GH lr 0.001 probe-val 0.6362 (1s)
  B16 seed 11 GH lr 0.003 probe-val 0.6391 (1s)
  B16 seed 12 TAP lr 0.001 probe-val 0.6099 (19s)
  B16 seed 12 TAP lr 0.003 probe-val 0.5989 (19s)
  B16 seed 12 CA lr 0.001 probe-val 0.6088 (2s)
  B16 seed 12 CA lr 0.003 probe-val 0.6048 (2s)
  B16 seed 12 GH lr 0.001 probe-val 0.6045 (1s)
  B16 seed 12 GH lr 0.003 probe-val 0.6186 (1s)
  B16 seed 13 TAP lr 0.001 probe-val 0.6152 (18s)
  B16 seed 13 TAP lr 0.003 probe-val 0.6361 (21s)
  B16 seed 13 CA lr 0.001 probe-val 0.6168 (2s)
  B16 seed 13 CA lr 0.003 probe-val 0.6184 (2s)
  B16 seed 13 GH lr 0.001 probe-val 0.6122 (1s)
  B16 seed 13 GH lr 0.003 probe-val 0.6321 (1s)
  B16 seed 14 TAP lr 0.001 probe-val 0.6222 (19s)
  B16 seed 14 TAP lr 0.003 probe-val 0.6118 (21s)
  B16 seed 14 CA lr 0.001 probe-val 0.6192 (2s)
  B16 seed 14 CA lr 0.003 probe-val 0.6265 (2s)
  B16 seed 14 GH lr 0.001 probe-val 0.6020 (1s)
  B16 seed 14 GH lr 0.003 probe-val 0.6273 (1s)
L14 tokens (28709, 256, 1024) probe-train 22968 probe-val 5741
  L14 seed 5 TAP lr 0.001 probe-val 0.6413 (236s)
  L14 seed 5 TAP lr 0.003 probe-val 0.6386 (219s)
  L14 seed 5 CA lr 0.001 probe-val 0.6601 (3s)
  L14 seed 5 CA lr 0.003 probe-val 0.6465 (2s)
  L14 seed 5 GH lr 0.001 probe-val 0.6424 (1s)
  L14 seed 5 GH lr 0.003 probe-val 0.6595 (1s)
  L14 seed 6 TAP lr 0.001 probe-val 0.6655 (227s)
  L14 seed 6 TAP lr 0.003 probe-val 0.6519 (225s)
  L14 seed 6 CA lr 0.001 probe-val 0.6700 (3s)
  L14 seed 6 CA lr 0.003 probe-val 0.6781 (2s)
  L14 seed 6 GH lr 0.001 probe-val 0.6725 (1s)
  L14 seed 6 GH lr 0.003 probe-val 0.6740 (1s)
  L14 seed 7 TAP lr 0.001 probe-val 0.6534 (223s)
  L14 seed 7 TAP lr 0.003 probe-val 0.6773 (229s)
  L14 seed 7 CA lr 0.001 probe-val 0.6809 (2s)
  L14 seed 7 CA lr 0.003 probe-val 0.6633 (2s)
  L14 seed 7 GH lr 0.001 probe-val 0.6726 (1s)
  L14 seed 7 GH lr 0.003 probe-val 0.6600 (1s)
  L14 seed 8 TAP lr 0.001 probe-val 0.6604 (227s)
  L14 seed 8 TAP lr 0.003 probe-val 0.6448 (197s)
  L14 seed 8 CA lr 0.001 probe-val 0.6720 (2s)
  L14 seed 8 CA lr 0.003 probe-val 0.6582 (2s)
  L14 seed 8 GH lr 0.001 probe-val 0.6467 (1s)
  L14 seed 8 GH lr 0.003 probe-val 0.6587 (1s)
  L14 seed 9 TAP lr 0.001 probe-val 0.6922 (215s)
  L14 seed 9 TAP lr 0.003 probe-val 0.6715 (216s)
  L14 seed 9 CA lr 0.001 probe-val 0.6840 (2s)
  L14 seed 9 CA lr 0.003 probe-val 0.6796 (2s)
  L14 seed 9 GH lr 0.001 probe-val 0.6753 (1s)
  L14 seed 9 GH lr 0.003 probe-val 0.6674 (1s)
  L14 seed 10 TAP lr 0.001 probe-val 0.6488 (213s)
  L14 seed 10 TAP lr 0.003 probe-val 0.6387 (199s)
  L14 seed 10 CA lr 0.001 probe-val 0.6588 (2s)
  L14 seed 10 CA lr 0.003 probe-val 0.6663 (2s)
  L14 seed 10 GH lr 0.001 probe-val 0.6372 (1s)
  L14 seed 10 GH lr 0.003 probe-val 0.6355 (1s)
  L14 seed 11 TAP lr 0.001 probe-val 0.6956 (207s)
  L14 seed 11 TAP lr 0.003 probe-val 0.6534 (209s)
  L14 seed 11 CA lr 0.001 probe-val 0.6901 (2s)
  L14 seed 11 CA lr 0.003 probe-val 0.6808 (2s)
  L14 seed 11 GH lr 0.001 probe-val 0.6771 (2s)
  L14 seed 11 GH lr 0.003 probe-val 0.6658 (2s)
  L14 seed 12 TAP lr 0.001 probe-val 0.6526 (217s)
  L14 seed 12 TAP lr 0.003 probe-val 0.6496 (208s)
  L14 seed 12 CA lr 0.001 probe-val 0.6550 (2s)
  L14 seed 12 CA lr 0.003 probe-val 0.6466 (2s)
  L14 seed 12 GH lr 0.001 probe-val 0.6468 (1s)
  L14 seed 12 GH lr 0.003 probe-val 0.6439 (1s)
  L14 seed 13 TAP lr 0.001 probe-val 0.6776 (203s)
  L14 seed 13 TAP lr 0.003 probe-val 0.6759 (217s)
  L14 seed 13 CA lr 0.001 probe-val 0.6459 (2s)
  L14 seed 13 CA lr 0.003 probe-val 0.6490 (2s)
  L14 seed 13 GH lr 0.001 probe-val 0.6556 (1s)
  L14 seed 13 GH lr 0.003 probe-val 0.6578 (1s)
  L14 seed 14 TAP lr 0.001 probe-val 0.6842 (207s)
  L14 seed 14 TAP lr 0.003 probe-val 0.6814 (207s)
  L14 seed 14 CA lr 0.001 probe-val 0.6751 (3s)
  L14 seed 14 CA lr 0.003 probe-val 0.6802 (2s)
  L14 seed 14 GH lr 0.001 probe-val 0.6670 (1s)
  L14 seed 14 GH lr 0.003 probe-val 0.6722 (1s)
  L14 seed 15 TAP lr 0.001 probe-val 0.6661 (211s)
  L14 seed 15 TAP lr 0.003 probe-val 0.6660 (230s)
  L14 seed 15 CA lr 0.001 probe-val 0.6633 (2s)
  L14 seed 15 CA lr 0.003 probe-val 0.6650 (2s)
  L14 seed 15 GH lr 0.001 probe-val 0.6699 (1s)
  L14 seed 15 GH lr 0.003 probe-val 0.6607 (1s)
  L14 seed 16 TAP lr 0.001 probe-val 0.6559 (238s)
  L14 seed 16 TAP lr 0.003 probe-val 0.6701 (220s)
  L14 seed 16 CA lr 0.001 probe-val 0.6683 (3s)
  L14 seed 16 CA lr 0.003 probe-val 0.6633 (2s)
  L14 seed 16 GH lr 0.001 probe-val 0.6646 (1s)
  L14 seed 16 GH lr 0.003 probe-val 0.6536 (1s)
  L14 seed 17 TAP lr 0.001 probe-val 0.6587 (208s)
  L14 seed 17 TAP lr 0.003 probe-val 0.6869 (214s)
  L14 seed 17 CA lr 0.001 probe-val 0.6791 (2s)
  L14 seed 17 CA lr 0.003 probe-val 0.6793 (2s)
  L14 seed 17 GH lr 0.001 probe-val 0.6687 (1s)
  L14 seed 17 GH lr 0.003 probe-val 0.6684 (1s)
  L14 seed 18 TAP lr 0.001 probe-val 0.6639 (217s)
  L14 seed 18 TAP lr 0.003 probe-val 0.6578 (221s)
  L14 seed 18 CA lr 0.001 probe-val 0.6679 (3s)
  L14 seed 18 CA lr 0.003 probe-val 0.6668 (2s)
  L14 seed 18 GH lr 0.001 probe-val 0.6641 (1s)
  L14 seed 18 GH lr 0.003 probe-val 0.6689 (2s)
  L14 seed 19 TAP lr 0.001 probe-val 0.6799 (221s)
  L14 seed 19 TAP lr 0.003 probe-val 0.6609 (212s)
  L14 seed 19 CA lr 0.001 probe-val 0.6682 (2s)
  L14 seed 19 CA lr 0.003 probe-val 0.6767 (2s)
  L14 seed 19 GH lr 0.001 probe-val 0.6628 (1s)
  L14 seed 19 GH lr 0.003 probe-val 0.6652 (1s)
done
