START 2026-10-06T23:11:45.2297659+08:00
D:\ResearchVault\99system\envs\rb-tta-fer-fg2027\Lib\site-packages\torch\serialization.py:1493: UserWarning: 'torch.load' received a zip file that looks like a TorchScript archive dispatching to 'torch.jit.load' (call 'torch.jit.load' directly to silence this warning)
  warnings.warn(
D:\ResearchVault\07code\rb-tta-fer-fg2027\results\token_module_tailor_20261006\phase6b_extract.py:77: UserWarning: Converting a tensor with requires_grad=True to a scalar may lead to unexpected behavior.
ViT-L-14 loaded; logit_scale_exp=100.0000
Consider using tensor.detach() first. (Triggered internally at C:\actions-runner\_work\pytorch\pytorch\pytorch\torch\csrc\autograd\generated\python_variable_methods.cpp:836.)
  float(model.logit_scale.exp())), flush=True)
blur_0p8 reused
blur_1p5 reused
blur_2p5 reused
jpeg_15 reused
jpeg_30 reused
jpeg_50 reused
lowlight_0p3 reused
lowlight_0p5 reused
lowlight_0p7 reused
noise_10 reused
noise_25 reused
noise_40 reused
Traceback (most recent call last):
  File "D:\ResearchVault\07code\rb-tta-fer-fg2027\results\token_module_tailor_20261006\phase6b_extract.py", line 190, in <module>
    raise SystemExit(main())
                     ^^^^^^
  File "D:\ResearchVault\07code\rb-tta-fer-fg2027\results\token_module_tailor_20261006\phase6b_extract.py", line 170, in main
    cos0 = np.sum(mine * ref0, axis=-1) / np.maximum(
                  ~~~~~^~~~~~
ValueError: operands could not be broadcast together with shapes (7178,2,768) (7178,2,512) 
EXIT=1 2026-10-06T23:12:37.5137583+08:00
RERUN2 2026-10-06T23:12:52.2879726+08:00
D:\ResearchVault\99system\envs\rb-tta-fer-fg2027\Lib\site-packages\torch\serialization.py:1493: UserWarning: 'torch.load' received a zip file that looks like a TorchScript archive dispatching to 'torch.jit.load' (call 'torch.jit.load' directly to silence this warning)
  warnings.warn(
D:\ResearchVault\07code\rb-tta-fer-fg2027\results\token_module_tailor_20261006\phase6b_extract.py:77: UserWarning: Converting a tensor with requires_grad=True to a scalar may lead to unexpected behavior.
Consider using tensor.detach() first. (Triggered internally at C:\actions-runner\_work\pytorch\pytorch\pytorch\torch\csrc\autograd\generated\python_variable_methods.cpp:836.)
  float(model.logit_scale.exp())), flush=True)
ViT-L-14 loaded; logit_scale_exp=100.0000
blur_0p8 reused
blur_1p5 reused
blur_2p5 reused
jpeg_15 reused
jpeg_30 reused
jpeg_50 reused
lowlight_0p3 reused
lowlight_0p5 reused
lowlight_0p7 reused
noise_10 reused
noise_25 reused
noise_40 reused

GATE clean_glob=1.000000 clean_tok=None cond=n/a -> PASS
EXIT=0 2026-10-06T23:13:43.5013315+08:00
