START 2026-10-06T22:29:28.6069628+08:00
D:\ResearchVault\99system\envs\rb-tta-fer-fg2027\Lib\site-packages\torch\serialization.py:1493: UserWarning: 'torch.load' received a zip file that looks like a TorchScript archive dispatching to 'torch.jit.load' (call 'torch.jit.load' directly to silence this warning)
  warnings.warn(
D:\ResearchVault\07code\rb-tta-fer-fg2027\results\token_module_tailor_20261006\phase6b_extract.py:77: UserWarning: Converting a tensor with requires_grad=True to a scalar may lead to unexpected behavior.
Consider using tensor.detach() first. (Triggered internally at C:\actions-runner\_work\pytorch\pytorch\pytorch\torch\csrc\autograd\generated\python_variable_methods.cpp:836.)
  float(model.logit_scale.exp())), flush=True)
ViT-L-14 loaded; logit_scale_exp=100.0000
blur_0p8      n=7178 188.5s peak=3.42GB npy=3.8s norm_ok=True
blur_1p5      n=7178 202.2s peak=3.42GB npy=3.8s norm_ok=True
blur_2p5      n=7178 205.3s peak=3.42GB npy=3.8s norm_ok=True
jpeg_15       n=7178 207.8s peak=3.42GB npy=3.8s norm_ok=True
jpeg_30       n=7178 205.9s peak=3.42GB npy=3.8s norm_ok=True
jpeg_50       n=7178 214.6s peak=3.42GB npy=3.8s norm_ok=True
lowlight_0p3  n=7178 203.8s peak=3.42GB npy=3.8s norm_ok=True
lowlight_0p5  n=7178 207.1s peak=3.42GB npy=3.8s norm_ok=True
lowlight_0p7  n=7178 207.9s peak=3.42GB npy=3.8s norm_ok=True
noise_10      n=7178 214.6s peak=3.42GB npy=3.8s norm_ok=True
noise_25      n=7178 203.7s peak=3.42GB npy=3.8s norm_ok=True
noise_40      n=7178 206.3s peak=3.42GB npy=3.8s norm_ok=True
Traceback (most recent call last):
  File "D:\ResearchVault\07code\rb-tta-fer-fg2027\results\token_module_tailor_20261006\phase6b_extract.py", line 180, in <module>
    raise SystemExit(main())
                     ^^^^^^
  File "D:\ResearchVault\07code\rb-tta-fer-fg2027\results\token_module_tailor_20261006\phase6b_extract.py", line 151, in main
    t, g = forward([cpaths[i] for i in sel])
           ^^^^^^^^^^^^^^^^^^^^^^^^^^^^^^^^^
  File "D:\ResearchVault\07code\rb-tta-fer-fg2027\results\token_module_tailor_20261006\phase6b_extract.py", line 87, in forward
    pooled, tokens = model.visual(x)
                     ^^^^^^^^^^^^^^^
  File "D:\ResearchVault\99system\envs\rb-tta-fer-fg2027\Lib\site-packages\torch\nn\modules\module.py", line 1773, in _wrapped_call_impl
    return self._call_impl(*args, **kwargs)
           ^^^^^^^^^^^^^^^^^^^^^^^^^^^^^^^^
  File "D:\ResearchVault\99system\envs\rb-tta-fer-fg2027\Lib\site-packages\torch\nn\modules\module.py", line 1784, in _call_impl
    return forward_call(*args, **kwargs)
           ^^^^^^^^^^^^^^^^^^^^^^^^^^^^^
  File "D:\ResearchVault\99system\envs\rb-tta-fer-fg2027\Lib\site-packages\open_clip\transformer.py", line 909, in forward
    x = self.transformer(x)
        ^^^^^^^^^^^^^^^^^^^
  File "D:\ResearchVault\99system\envs\rb-tta-fer-fg2027\Lib\site-packages\torch\nn\modules\module.py", line 1773, in _wrapped_call_impl
    return self._call_impl(*args, **kwargs)
           ^^^^^^^^^^^^^^^^^^^^^^^^^^^^^^^^
  File "D:\ResearchVault\99system\envs\rb-tta-fer-fg2027\Lib\site-packages\torch\nn\modules\module.py", line 1784, in _call_impl
    return forward_call(*args, **kwargs)
           ^^^^^^^^^^^^^^^^^^^^^^^^^^^^^
  File "D:\ResearchVault\99system\envs\rb-tta-fer-fg2027\Lib\site-packages\open_clip\transformer.py", line 572, in forward
    x = r(x, attn_mask=attn_mask)
        ^^^^^^^^^^^^^^^^^^^^^^^^^
  File "D:\ResearchVault\99system\envs\rb-tta-fer-fg2027\Lib\site-packages\torch\nn\modules\module.py", line 1773, in _wrapped_call_impl
    return self._call_impl(*args, **kwargs)
           ^^^^^^^^^^^^^^^^^^^^^^^^^^^^^^^^
  File "D:\ResearchVault\99system\envs\rb-tta-fer-fg2027\Lib\site-packages\torch\nn\modules\module.py", line 1784, in _call_impl
    return forward_call(*args, **kwargs)
           ^^^^^^^^^^^^^^^^^^^^^^^^^^^^^
  File "D:\ResearchVault\99system\envs\rb-tta-fer-fg2027\Lib\site-packages\open_clip\transformer.py", line 299, in forward
    x = x + self.ls_2(self.mlp(self.ln_2(x)))
                      ^^^^^^^^^^^^^^^^^^^^^^
  File "D:\ResearchVault\99system\envs\rb-tta-fer-fg2027\Lib\site-packages\torch\nn\modules\module.py", line 1773, in _wrapped_call_impl
    return self._call_impl(*args, **kwargs)
           ^^^^^^^^^^^^^^^^^^^^^^^^^^^^^^^^
  File "D:\ResearchVault\99system\envs\rb-tta-fer-fg2027\Lib\site-packages\torch\nn\modules\module.py", line 1784, in _call_impl
    return forward_call(*args, **kwargs)
           ^^^^^^^^^^^^^^^^^^^^^^^^^^^^^
  File "D:\ResearchVault\99system\envs\rb-tta-fer-fg2027\Lib\site-packages\torch\nn\modules\container.py", line 244, in forward
    input = module(input)
            ^^^^^^^^^^^^^
  File "D:\ResearchVault\99system\envs\rb-tta-fer-fg2027\Lib\site-packages\torch\nn\modules\module.py", line 1773, in _wrapped_call_impl
    return self._call_impl(*args, **kwargs)
           ^^^^^^^^^^^^^^^^^^^^^^^^^^^^^^^^
  File "D:\ResearchVault\99system\envs\rb-tta-fer-fg2027\Lib\site-packages\torch\nn\modules\module.py", line 1784, in _call_impl
    return forward_call(*args, **kwargs)
           ^^^^^^^^^^^^^^^^^^^^^^^^^^^^^
  File "D:\ResearchVault\99system\envs\rb-tta-fer-fg2027\Lib\site-packages\torch\nn\modules\activation.py", line 738, in forward
    return F.gelu(input, approximate=self.approximate)
           ^^^^^^^^^^^^^^^^^^^^^^^^^^^^^^^^^^^^^^^^^^^
torch.OutOfMemoryError: CUDA out of memory. Tried to allocate 4.02 GiB. GPU 0 has a total capacity of 10.00 GiB of which 0 bytes is free. Of the allocated memory 10.21 GiB is allocated by PyTorch, and 3.06 GiB is reserved by PyTorch but unallocated. If reserved but unallocated memory is large try setting PYTORCH_CUDA_ALLOC_CONF=expandable_segments:True to avoid fragmentation.  See documentation for Memory Management  (https://pytorch.org/docs/stable/notes/cuda.html#environment-variables)
EXIT=1 2026-10-06T23:11:28.6772239+08:00
